// Jest Snapshot v1, https://goo.gl/fbAQLP

exports[`renders correctly 1`] = `
<div>
  <div
    className="withRouter-RetroAppBar--root-2"
  >
    <header
      className="MuiPaper-root-11 MuiPaper-shadow4-17 MuiAppBar-root-4 MuiAppBar-positionFixed-5 MuiAppBar-colorPrimary-9 mui-fixed"
    >
      <div
        className="MuiToolbar-root-38 MuiToolbar-gutters-39"
      >
        <h2
          className="MuiTypography-root-40 MuiTypography-title-46 MuiTypography-colorInherit-59 MuiTypography-alignCenter-53 withRouter-RetroAppBar--flex-3"
        >
          <a
            className="MuiButtonBase-root-78 MuiButton-root-64 MuiButton-flatContrast-69"
            disabled={false}
            href="/"
            onBlur={[Function]}
            onClick={[Function]}
            onFocus={[Function]}
            onKeyDown={[Function]}
            onKeyUp={[Function]}
            onMouseDown={[Function]}
            onMouseLeave={[Function]}
            onMouseUp={[Function]}
            onTouchEnd={[Function]}
            onTouchMove={[Function]}
            onTouchStart={[Function]}
            role="button"
            tabIndex={0}
          >
            <span
              className="MuiButton-label-66"
            >
              Retrobox
            </span>
            <span
              className="MuiTouchRipple-root-80"
            />
          </a>
        </h2>
        <button
          className="MuiButtonBase-root-78 MuiButton-root-64 MuiButton-flatContrast-69"
          disabled={false}
          onBlur={[Function]}
          onClick={[Function]}
          onFocus={[Function]}
          onKeyDown={[Function]}
          onKeyUp={[Function]}
          onMouseDown={[Function]}
          onMouseLeave={[Function]}
          onMouseUp={[Function]}
          onTouchEnd={[Function]}
          onTouchMove={[Function]}
          onTouchStart={[Function]}
          role="button"
          tabIndex={0}
          type="button"
        >
          <span
            className="MuiButton-label-66"
          >
            text
          </span>
          <span
            className="MuiTouchRipple-root-80"
          />
        </button>
      </div>
    </header>
  </div>
  <form
    className="form"
    onSubmit={[Function]}
  >
    <div
      className="MuiFormControl-root-87 withRouter-AddRetroItem--formControl-1"
      onBlur={[Function]}
      onFocus={[Function]}
      required={false}
    >
      <label
        className="MuiFormLabel-root-97 MuiInputLabel-root-91 MuiInputLabel-formControl-92 MuiInputLabel-animated-95"
        data-shrink={false}
        htmlFor="thoughts"
      >
        Enter your thoughts
      </label>
      <div
        className="MuiInput-root-101 MuiInput-formControl-102 MuiInput-inkbar-103 MuiInput-underline-107"
        onBlur={[Function]}
        onFocus={[Function]}
      >
        <input
          className="MuiInput-input-110 MuiInput-inputSingleline-113"
          disabled={false}
          id="thoughts"
          onChange={[Function]}
          type="text"
        />
      </div>
    </div>
    <input
      hidden={true}
      type="submit"
    />
  </form>
</div>
`;
